..ATA.TA
A.TT....
T..A..A.
AT....T.
...AT...
A.....A.
T.AT.TT.
AT...ATA
