TTA..TA
A.TTA..
..A...T
ATTTA.A
..A...T
....T.A
ATATA..
