AT...AT
...A..T
TA.T..A
.......
ATATATA
..T.T.T
ATATA.A
