.AT.TA.A
T..AT..T
A.....AT
....A...
T.A.T..A
A.T.TA.T
