A.ATATA
T..T..T
.ATA.A.
..T.TT.
A.A.ATA
T...T..
....A..
ATAT.TA
