.ATA.T.A
TT...A.T
A..T...A
...A.A.T
.....T.A
ATA.AT.T
TT..T...
.A..A.TA
