..A.ATA
A.T...T
T..A.T.
AT.T.A.
TTA....
A......
.TTA.TA
.A.....
