.T......
.T.....T
........
T.......
TA......
T....T..
A....A..
