TA..ATA
......T
A.T..AT
T.A....
.....TA
AT.A...
...T.AT
