ATA.AT..
T.....AT
T...A...
ATA.T...
T...ATTA
A..T...T
...A.ATA
