..TA.AT
.AT....
.T.AT..
.A.T.AT
...A...
TA.....
..TA.AT
