ATAT..
T...A.
A.ATTT
.T.T.A
.A.A.T
.....A
...A.T
TA.T.A
