....AT.
.ATT..A
...A..T
T......
A..T.AT
...A...
....T.T
ATATA.A
