ATA.AT.
T.T...T
..ATA.A
A......
TT..T.T
.A..A.A
T.....T
A..AT.A
