ATA.AT
..T...
AT.A.A
...T.T
.ATA.A
..TT.T
ATA..T
.....A
